[bslthemes.com/html/patrick/index-particles.html]
[backblue.gif]
[fade.gif]
[index.html]
[bslthemes.com/html/patrick/css/styles.min.css]
[bslthemes.com/html/patrick/css/theme-colors/green.css]
[bslthemes.com/html/patrick/images/favicons/favicon.ico]
[bslthemes.com/html/patrick/index-rtl.html]
[bslthemes.com/html/patrick/index.html]
[bslthemes.com/html/patrick/index-video.html]
[bslthemes.com/html/patrick/index-bgcolor.html]
[bslthemes.com/html/patrick/images/bg.jpg]
[bslthemes.com/html/patrick/images/profile.jpg]
[bslthemes.com/html/patrick/images/clients/client_1.png]
[bslthemes.com/html/patrick/images/clients/client_3.png]
[bslthemes.com/html/patrick/images/clients/client_4.png]
[bslthemes.com/html/patrick/images/profile2.jpg]
[bslthemes.com/html/patrick/images/profile3.jpg]
[bslthemes.com/html/patrick/images/works/work1.jpg]
[bslthemes.com/html/patrick/images/works/work2.jpg]
[bslthemes.com/html/patrick/images/works/work3.jpg]
[bslthemes.com/html/patrick/images/works/work4.jpg]
[bslthemes.com/html/patrick/images/works/work5.jpg]
[bslthemes.com/html/patrick/images/works/work8.jpg]
[bslthemes.com/html/patrick/images/works/work6.jpg]
[bslthemes.com/html/patrick/images/works/work7.jpg]
[bslthemes.com/html/patrick/images/profile4.jpg]
[bslthemes.com/html/patrick/blog.html]
[bslthemes.com/html/patrick/blog-post.html]
[bslthemes.com/html/patrick/images/blog/blog1.jpg]
[bslthemes.com/html/patrick/images/blog/blog2.jpg]
[bslthemes.com/html/patrick/images/blog/blog3.jpg]
[bslthemes.com/html/patrick/js/scripts.min.js]
[bslthemes.com/html/patrick/js/particles.js]
[bslthemes.com/html/patrick/js/particles-setting.js]
[bslthemes.com/bslthms-advanced-btns/assets/style.css]
[bslthemes.com/html/patrick/index-particles.html]
[bslthemes.com/bslthms-advanced-btns/assets/script.js]
[bslthemes.com/html/patrick/images/android-search.png]
[bslthemes.com/html/patrick/fonts/ionicons790f.eot]
[bslthemes.com/html/patrick/fonts/ionicons790f.ttf]
[bslthemes.com/html/patrick/fonts/ionicons790f.woff]
[bslthemes.com/html/patrick/fonts/line-awesomeeb4f.eot]
[bslthemes.com/html/patrick/fonts/ionicons790f.svg]
[bslthemes.com/html/patrick/fonts/line-awesome0176.eot]
[bslthemes.com/html/patrick/fonts/line-awesomeeb4f.woff2]
[bslthemes.com/html/patrick/fonts/line-awesomeeb4f.woff]
[bslthemes.com/html/patrick/fonts/line-awesomeeb4f.ttf]
[bslthemes.com/html/patrick/css/styles.min.css]
[bslthemes.com/html/patrick/css/theme-colors/green.css]
[bslthemes.com/html/patrick/fonts/line-awesomeeb4f.svg]
[bslthemes.com/html/patrick/css/rtl.css]
[bslthemes.com/html/patrick/blog-rtl.html]
[bslthemes.com/html/patrick/index-rtl.html]
[bslthemes.com/html/patrick/index.html]
[bslthemes.com/html/patrick/blog-post-rtl.html]
[bslthemes.com/html/patrick/index-video.html]
[bslthemes.com/html/patrick/index-bgcolor.html]
[bslthemes.com/html/patrick/blog.html]
[bslthemes.com/html/patrick/js/jquery.mb.YTPlayer.js]
[bslthemes.com/html/patrick/images/blog/blog1-inner.jpg]
[bslthemes.com/html/patrick/images/man1.jpg]
[bslthemes.com/html/patrick/blog-post.html]
[bslthemes.com/bslthms-advanced-btns/assets/style.css]
[bslthemes.com/html/patrick/fonts/ionicons790f.svg]
[bslthemes.com/html/patrick/fonts/line-awesomeeb4f.svg]
[bslthemes.com/html/patrick/css/rtl.css]
[bslthemes.com/html/patrick/blog-rtl.html]
[bslthemes.com/html/patrick/blog-post-rtl.html]
